F...........F.F
======================================================================
FAIL: test_01_home_page (__main__.AppTestCase.test_01_home_page)
Test the home page
----------------------------------------------------------------------
Traceback (most recent call last):
  File "/app/test_app.py", line 75, in test_01_home_page
    self.assertIn(b"Submitted Community Projects", response.data)
AssertionError: b'Submitted Community Projects' not found in b'\n<!DOCTYPE html>\n<html lang="en">\n<head>\n    <meta charset="UTF-8">\n    <meta name="viewport" content="width=device-width, initial-scale=1.0">\n    <title>Jules AI Community Hub</title>\n    <link rel="icon" href="image.png" type="image/png">\n    <link rel="preconnect" href="https://fonts.googleapis.com">\n    <link rel="preconnect" href="https://fonts.gstatic.com" crossorigin>\n    <link href="https://fonts.googleapis.com/css2?family=Open+Sans:wght@300;400;700&family=Poppins:wght@600;700;800&display=swap" rel="stylesheet">\n    <link rel="stylesheet" href="style.css">\n    <!-- Add Font Awesome for icons, replace with SVGs later if preferred -->\n    <link rel="stylesheet" href="https://cdnjs.cloudflare.com/ajax/libs/font-awesome/6.0.0-beta3/css/all.min.css">\n    <!-- Three.js for advanced 3D graphics -->\n    <script src="https://cdnjs.cloudflare.com/ajax/libs/three.js/r128/three.min.js"></script>\n    <!-- GSAP for premium animations -->\n    <script src="https://cdnjs.cloudflare.com/ajax/libs/gsap/3.12.2/gsap.min.js"></script>\n    <script src="https://cdnjs.cloudflare.com/ajax/libs/gsap/3.12.2/ScrollTrigger.min.js"></script>\n</head>\n<body>\n    <header class="site-header">\n        <div class="container">\n            <div class="logo">Jules Agent</div>\n            <nav class="main-nav">\n                <ul>\n                    <li><a href="/" class="active">Home</a></li>\n                    <li><a href="docs.html">Docs</a></li>\n                    <li><a href="changelog.html">Changelog</a></li>\n                    <li><a href="guides.html" title="Details coming soon">Guides <small style="font-size: 0.7em; color: var(--text-light);">(Soon)</small></a></li>\n                    <li><a href="showcase.html" title="Details coming soon">Projects <small style="font-size: 0.7em; color: var(--text-light);">(Soon)</small></a></li>\n                    <li><a href="blog.html">Blog</a></li>\n                </ul>\n            </nav>\n            <a href="docs.html" class="button button-primary nav-cta-button desktop-only">Get Started</a>\n            <button class="mobile-nav-toggle" aria-label="Toggle navigation" aria-expanded="false">\n                <span class="hamburger-icon"></span>\n            </button>\n        </div>\n    </header>\n\n    <main>\n        <section id="hero" class="hero-section">\n            <div class="container">\n                <h1 class="hero-title">Jules Community: <span class="highlight">Navigate</span> Your <span class="coding-striped">Coding</span> Journey with Jules</h1>\n                <p class="hero-subtitle">Join the community around Jules - Google\'s software coding agent that helps you fix bugs, add documentation, update your app, and implement new features. Jules integrates with GitHub and works asynchronously, giving you more time for the code you want to write.</p>\n                \n                <!-- Jules Key Features -->\n                <div class="jules-features-grid" style="display: grid; grid-template-columns: repeat(auto-fit, minmax(250px, 1fr)); gap: var(--space-6); margin-top: var(--space-8); max-width: 1200px; margin-left: auto; margin-right: auto;">\n                    <div class="jules-feature-item" style="background: rgba(255, 255, 255, 0.95); backdrop-filter: blur(10px); border-radius: var(--radius-lg); padding: var(--space-4); text-align: center; border: 1px solid rgba(124, 58, 237, 0.3); box-shadow: 0 8px 32px rgba(124, 58, 237, 0.1);">\n                        <div style="background: var(--primary-gradient); color: white; width: 50px; height: 50px; border-radius: var(--radius-full); display: flex; align-items: center; justify-content: center; margin: 0 auto var(--space-3); font-size: var(--text-xl); font-weight: bold;">D</div>\n                        <h4 style="color: var(--text-primary); margin-bottom: var(--space-2); font-size: var(--text-lg); font-weight: 600;">Bug Fixing</h4>\n                        <p style="color: var(--text-secondary); font-size: var(--text-sm); margin: 0; line-height: 1.4;">Automatically identify and fix bugs in your codebase</p>\n                    </div>\n                    \n                    <div class="jules-feature-item" style="background: rgba(255, 255, 255, 0.95); backdrop-filter: blur(10px); border-radius: var(--radius-lg); padding: var(--space-4); text-align: center; border: 1px solid rgba(124, 58, 237, 0.3); box-shadow: 0 8px 32px rgba(124, 58, 237, 0.1);">\n                        <div style="background: var(--primary-gradient); color: white; width: 50px; height: 50px; border-radius: var(--radius-full); display: flex; align-items: center; justify-content: center; margin: 0 auto var(--space-3); font-size: var(--text-xl); font-weight: bold;">A</div>\n                        <h4 style="color: var(--text-primary); margin-bottom: var(--space-2); font-size: var(--text-lg); font-weight: 600;">Version Bumps</h4>\n                        <p style="color: var(--text-secondary); font-size: var(--text-sm); margin: 0; line-height: 1.4;">Handle dependency updates and version management</p>\n                    </div>\n                    \n                    <div class="jules-feature-item" style="background: rgba(255, 255, 255, 0.95); backdrop-filter: blur(10px); border-radius: var(--radius-lg); padding: var(--space-4); text-align: center; border: 1px solid rgba(124, 58, 237, 0.3); box-shadow: 0 8px 32px rgba(124, 58, 237, 0.1);">\n                        <div style="background: var(--primary-gradient); color: white; width: 50px; height: 50px; border-radius: var(--radius-full); display: flex; align-items: center; justify-content: center; margin: 0 auto var(--space-3); font-size: var(--text-xl); font-weight: bold;">G</div>\n                        <h4 style="color: var(--text-primary); margin-bottom: var(--space-2); font-size: var(--text-lg); font-weight: 600;">Automated Tests</h4>\n                        <p style="color: var(--text-secondary); font-size: var(--text-sm); margin: 0; line-height: 1.4;">Generate and run comprehensive test suites</p>\n                    </div>\n                    \n                    <div class="jules-feature-item" style="background: rgba(255, 255, 255, 0.95); backdrop-filter: blur(10px); border-radius: var(--radius-lg); padding: var(--space-4); text-align: center; border: 1px solid rgba(124, 58, 237, 0.3); box-shadow: 0 8px 32px rgba(124, 58, 237, 0.1);">\n                        <div style="background: var(--primary-gradient); color: white; width: 50px; height: 50px; border-radius: var(--radius-full); display: flex; align-items: center; justify-content: center; margin: 0 auto var(--space-3); font-size: var(--text-xl); font-weight: bold;">B</div>\n                        <h4 style="color: var(--text-primary); margin-bottom: var(--space-2); font-size: var(--text-lg); font-weight: 600;">Feature Building</h4>\n                        <p style="color: var(--text-secondary); font-size: var(--text-sm); margin: 0; line-height: 1.4;">Implement new features from detailed descriptions</p>\n                    </div>\n                    \n                    <div class="jules-feature-item" style="background: rgba(255, 255, 255, 0.95); backdrop-filter: blur(10px); border-radius: var(--radius-lg); padding: var(--space-4); text-align: center; border: 1px solid rgba(124, 58, 237, 0.3); box-shadow: 0 8px 32px rgba(124, 58, 237, 0.1);">\n                        <div style="background: var(--primary-gradient); color: white; width: 50px; height: 50px; border-radius: var(--radius-full); display: flex; align-items: center; justify-content: center; margin: 0 auto var(--space-3); font-size: var(--text-xl); font-weight: bold;">N</div>\n                        <h4 style="color: var(--text-primary); margin-bottom: var(--space-2); font-size: var(--text-lg); font-weight: 600;">GitHub Integration</h4>\n                        <p style="color: var(--text-secondary); font-size: var(--text-sm); margin: 0; line-height: 1.4;">Seamless workflow with repositories and pull requests</p>\n                    </div>\n                    \n                    <div class="jules-feature-item" style="background: rgba(255, 255, 255, 0.95); backdrop-filter: blur(10px); border-radius: var(--radius-lg); padding: var(--space-4); text-align: center; border: 1px solid rgba(124, 58, 237, 0.3); box-shadow: 0 8px 32px rgba(124, 58, 237, 0.1);">\n                        <div style="background: var(--primary-gradient); color: white; width: 50px; height: 50px; border-radius: var(--radius-full); display: flex; align-items: center; justify-content: center; margin: 0 auto var(--space-3); font-size: var(--text-xl); font-weight: bold;">Q</div>\n                        <h4 style="color: var(--text-primary); margin-bottom: var(--space-2); font-size: var(--text-lg); font-weight: 600;">Gemini 2.5 Pro Powered</h4>\n                        <p style="color: var(--text-secondary); font-size: var(--text-sm); margin: 0; line-height: 1.4;">Advanced AI capabilities for intelligent coding</p>\n                    </div>\n                </div>\n            </div>\n            <div class="hero-bg-animation">\n                <!-- 3D WebGL Canvas Container -->\n                <canvas id="three-canvas" class="three-canvas"></canvas>\n                <!-- Floating 3D particle system -->\n                <div id="particle-container" class="particle-container"></div>\n            </div>\n        </section>\n\n        <!-- Subway-style section divider -->\n        <div class="section-divider"></div>\n\n        <!-- Statistics Section (Elementor-inspired) -->\n        <section class="stats-section">\n            <div class="container">\n                <div class="stats-grid" style="justify-content: center;">\n                    <div class="stat-item">\n                        <span class="stat-number">2K+</span>\n                        <span class="stat-label">Active <span style="color: var(--subway-red); font-weight: bold;">commuters</span> on Reddit</span>\n                    </div>\n                </div>\n                \n                <!-- Reddit Join Button -->\n                <div style="text-align: center; margin-top: var(--space-6);">\n                    <a href="https://www.reddit.com/r/JulesAgent/" target="_blank" class="reddit-join-button">\n                        Join the Ride\n                    </a>\n                </div>\n            </div>\n        </section>\n\n        <!-- Subway-style section divider -->\n        <div class="section-divider"></div>\n\n        <!-- FAQ Section -->\n        <section id="faq" class="faq-section">\n            <div class="container">\n                <h2 class="section-title">Frequently Ask <span class="highlight">Questions</span></h2>\n                <p class="text-center text-large" style="max-width: 800px; margin: 0 auto var(--space-12);">\n                    Everything you need to know about Jules - Google\'s software coding agent.\n                </p>\n                <div class="faq-grid">\n                    <div class="faq-item">\n                        <h3>What is Jules?</h3>\n                        <p>Jules is a software coding agent that helps you fix bugs, add documentation, update your app, and implement new features. It integrates with GitHub and works asynchronously \xe2\x80\x94 meaning you can submit a task, go do something else, and return when it\'s done. Jules is currently in Public Beta.</p>\n                    </div>\n                    <div class="faq-item">\n                        <h3>Is Jules available without cost?</h3>\n                        <p>Jules has multiple plans to fit your development needs, including a plan available to all users without cost. See the official Jules documentation for more details on limits and plans.</p>\n                    </div>\n                    <div class="faq-item">\n                        <h3>How does Jules work under the hood?</h3>\n                        <p>Each task runs in a fresh virtual machine where Jules clones your repo, installs dependencies, and makes changes based on your prompt. You can provide setup scripts to ensure your project builds and tests correctly.</p>\n                    </div>\n                    <div class="faq-item">\n                        <h3>What languages does Jules support?</h3>\n                        <p>Jules is language agnostic but works best with projects that use JavaScript/TypeScript, Python, Go, Java, and Rust. Support depends on what\'s installed on the VM and the clarity of your environment setup script.</p>\n                    </div>\n                    <div class="faq-item">\n                        <h3>Can I leave Jules while it\'s working?</h3>\n                        <p>Yes! Jules is designed to be asynchronous. You can leave the app after submitting a task. Make sure to enable notifications so you\'ll be alerted when a plan is ready or a task completes.</p>\n                    </div>\n                    <div class="faq-item">\n                        <h3>How do I provide feedback or report a bug?</h3>\n                        <p>Click the feedback button in the bottom left of the Jules UI. No account or tracking system required \xe2\x80\x94 feedback goes straight to the team. You can also join our <a href="https://www.reddit.com/r/JulesAgent/" target="_blank" class="highlight">Reddit community</a> for discussions.</p>\n                    </div>\n                </div>\n            </div>\n        </section>\n\n        <!-- Subway-style section divider -->\n        <div class="section-divider"></div>\n\n        <section id="cta-section" class="cta-section">\n            <div class="container">\n                <h2 class="cta-title">Ready to <span class="highlight">Build Something Amazing?</span></h2>\n                <p class="cta-subtitle">Join thousands of creators, developers, and innovators who are already using Jules AI to transform their ideas into reality. Start your journey today.</p>\n                <div style="display: flex; justify-content: center; margin-top: var(--space-8);">\n                    <a href="https://www.reddit.com/r/JulesAgent/" target="_blank" class="button button-primary button-large">Join the Community</a>\n                </div>\n            </div>\n        </section>\n\n    </main>\n\n    <footer class="site-footer">\n        <div class="container">\n            <div class="footer-content">\n                <div class="footer-logo">Jules Agent</div>\n                <nav class="footer-nav">\n                    <a href="/">Home</a> |\n                    <a href="docs.html">Documentation</a> |\n                    <a href="changelog.html">Changelog</a> |\n                    <a href="guides.html">Guides</a> |\n                    <a href="privacy.html">Privacy Policy</a> |\n                    <a href="terms.html">Terms of Service</a>\n                </nav>\n                <div class="social-links">\n                    <a href="#" aria-label="Twitter"><i class="fab fa-twitter"></i></a>\n                    <a href="#" aria-label="GitHub"><i class="fab fa-github"></i></a>\n                    <a href="#" aria-label="Discord"><i class="fab fa-discord"></i></a>\n                </div>\n            </div>\n            <p class="copyright">&copy; <span id="current-year"></span> Jules Agent Community. All rights reserved.</p>\n        </div>\n    </footer>\n\n    <script src="script.js"></script>\n    <!-- Advanced 3D Engine -->\n    <script src="3d-engine.js"></script>\n</body>\n</html>'

======================================================================
FAIL: test_13_get_homepage_with_project_data (__main__.AppTestCase.test_13_get_homepage_with_project_data)
Test that submitted project data appears on the homepage
----------------------------------------------------------------------
Traceback (most recent call last):
  File "/app/test_app.py", line 240, in test_13_get_homepage_with_project_data
    self.assertIn(bytes(project_payload['name'], 'utf-8'), response.data)
AssertionError: b'Homepage Test Project' not found in b'\n<!DOCTYPE html>\n<html lang="en">\n<head>\n    <meta charset="UTF-8">\n    <meta name="viewport" content="width=device-width, initial-scale=1.0">\n    <title>Jules AI Community Hub</title>\n    <link rel="icon" href="image.png" type="image/png">\n    <link rel="preconnect" href="https://fonts.googleapis.com">\n    <link rel="preconnect" href="https://fonts.gstatic.com" crossorigin>\n    <link href="https://fonts.googleapis.com/css2?family=Open+Sans:wght@300;400;700&family=Poppins:wght@600;700;800&display=swap" rel="stylesheet">\n    <link rel="stylesheet" href="style.css">\n    <!-- Add Font Awesome for icons, replace with SVGs later if preferred -->\n    <link rel="stylesheet" href="https://cdnjs.cloudflare.com/ajax/libs/font-awesome/6.0.0-beta3/css/all.min.css">\n    <!-- Three.js for advanced 3D graphics -->\n    <script src="https://cdnjs.cloudflare.com/ajax/libs/three.js/r128/three.min.js"></script>\n    <!-- GSAP for premium animations -->\n    <script src="https://cdnjs.cloudflare.com/ajax/libs/gsap/3.12.2/gsap.min.js"></script>\n    <script src="https://cdnjs.cloudflare.com/ajax/libs/gsap/3.12.2/ScrollTrigger.min.js"></script>\n</head>\n<body>\n    <header class="site-header">\n        <div class="container">\n            <div class="logo">Jules Agent</div>\n            <nav class="main-nav">\n                <ul>\n                    <li><a href="/" class="active">Home</a></li>\n                    <li><a href="docs.html">Docs</a></li>\n                    <li><a href="changelog.html">Changelog</a></li>\n                    <li><a href="guides.html" title="Details coming soon">Guides <small style="font-size: 0.7em; color: var(--text-light);">(Soon)</small></a></li>\n                    <li><a href="showcase.html" title="Details coming soon">Projects <small style="font-size: 0.7em; color: var(--text-light);">(Soon)</small></a></li>\n                    <li><a href="blog.html">Blog</a></li>\n                </ul>\n            </nav>\n            <a href="docs.html" class="button button-primary nav-cta-button desktop-only">Get Started</a>\n            <button class="mobile-nav-toggle" aria-label="Toggle navigation" aria-expanded="false">\n                <span class="hamburger-icon"></span>\n            </button>\n        </div>\n    </header>\n\n    <main>\n        <section id="hero" class="hero-section">\n            <div class="container">\n                <h1 class="hero-title">Jules Community: <span class="highlight">Navigate</span> Your <span class="coding-striped">Coding</span> Journey with Jules</h1>\n                <p class="hero-subtitle">Join the community around Jules - Google\'s software coding agent that helps you fix bugs, add documentation, update your app, and implement new features. Jules integrates with GitHub and works asynchronously, giving you more time for the code you want to write.</p>\n                \n                <!-- Jules Key Features -->\n                <div class="jules-features-grid" style="display: grid; grid-template-columns: repeat(auto-fit, minmax(250px, 1fr)); gap: var(--space-6); margin-top: var(--space-8); max-width: 1200px; margin-left: auto; margin-right: auto;">\n                    <div class="jules-feature-item" style="background: rgba(255, 255, 255, 0.95); backdrop-filter: blur(10px); border-radius: var(--radius-lg); padding: var(--space-4); text-align: center; border: 1px solid rgba(124, 58, 237, 0.3); box-shadow: 0 8px 32px rgba(124, 58, 237, 0.1);">\n                        <div style="background: var(--primary-gradient); color: white; width: 50px; height: 50px; border-radius: var(--radius-full); display: flex; align-items: center; justify-content: center; margin: 0 auto var(--space-3); font-size: var(--text-xl); font-weight: bold;">D</div>\n                        <h4 style="color: var(--text-primary); margin-bottom: var(--space-2); font-size: var(--text-lg); font-weight: 600;">Bug Fixing</h4>\n                        <p style="color: var(--text-secondary); font-size: var(--text-sm); margin: 0; line-height: 1.4;">Automatically identify and fix bugs in your codebase</p>\n                    </div>\n                    \n                    <div class="jules-feature-item" style="background: rgba(255, 255, 255, 0.95); backdrop-filter: blur(10px); border-radius: var(--radius-lg); padding: var(--space-4); text-align: center; border: 1px solid rgba(124, 58, 237, 0.3); box-shadow: 0 8px 32px rgba(124, 58, 237, 0.1);">\n                        <div style="background: var(--primary-gradient); color: white; width: 50px; height: 50px; border-radius: var(--radius-full); display: flex; align-items: center; justify-content: center; margin: 0 auto var(--space-3); font-size: var(--text-xl); font-weight: bold;">A</div>\n                        <h4 style="color: var(--text-primary); margin-bottom: var(--space-2); font-size: var(--text-lg); font-weight: 600;">Version Bumps</h4>\n                        <p style="color: var(--text-secondary); font-size: var(--text-sm); margin: 0; line-height: 1.4;">Handle dependency updates and version management</p>\n                    </div>\n                    \n                    <div class="jules-feature-item" style="background: rgba(255, 255, 255, 0.95); backdrop-filter: blur(10px); border-radius: var(--radius-lg); padding: var(--space-4); text-align: center; border: 1px solid rgba(124, 58, 237, 0.3); box-shadow: 0 8px 32px rgba(124, 58, 237, 0.1);">\n                        <div style="background: var(--primary-gradient); color: white; width: 50px; height: 50px; border-radius: var(--radius-full); display: flex; align-items: center; justify-content: center; margin: 0 auto var(--space-3); font-size: var(--text-xl); font-weight: bold;">G</div>\n                        <h4 style="color: var(--text-primary); margin-bottom: var(--space-2); font-size: var(--text-lg); font-weight: 600;">Automated Tests</h4>\n                        <p style="color: var(--text-secondary); font-size: var(--text-sm); margin: 0; line-height: 1.4;">Generate and run comprehensive test suites</p>\n                    </div>\n                    \n                    <div class="jules-feature-item" style="background: rgba(255, 255, 255, 0.95); backdrop-filter: blur(10px); border-radius: var(--radius-lg); padding: var(--space-4); text-align: center; border: 1px solid rgba(124, 58, 237, 0.3); box-shadow: 0 8px 32px rgba(124, 58, 237, 0.1);">\n                        <div style="background: var(--primary-gradient); color: white; width: 50px; height: 50px; border-radius: var(--radius-full); display: flex; align-items: center; justify-content: center; margin: 0 auto var(--space-3); font-size: var(--text-xl); font-weight: bold;">B</div>\n                        <h4 style="color: var(--text-primary); margin-bottom: var(--space-2); font-size: var(--text-lg); font-weight: 600;">Feature Building</h4>\n                        <p style="color: var(--text-secondary); font-size: var(--text-sm); margin: 0; line-height: 1.4;">Implement new features from detailed descriptions</p>\n                    </div>\n                    \n                    <div class="jules-feature-item" style="background: rgba(255, 255, 255, 0.95); backdrop-filter: blur(10px); border-radius: var(--radius-lg); padding: var(--space-4); text-align: center; border: 1px solid rgba(124, 58, 237, 0.3); box-shadow: 0 8px 32px rgba(124, 58, 237, 0.1);">\n                        <div style="background: var(--primary-gradient); color: white; width: 50px; height: 50px; border-radius: var(--radius-full); display: flex; align-items: center; justify-content: center; margin: 0 auto var(--space-3); font-size: var(--text-xl); font-weight: bold;">N</div>\n                        <h4 style="color: var(--text-primary); margin-bottom: var(--space-2); font-size: var(--text-lg); font-weight: 600;">GitHub Integration</h4>\n                        <p style="color: var(--text-secondary); font-size: var(--text-sm); margin: 0; line-height: 1.4;">Seamless workflow with repositories and pull requests</p>\n                    </div>\n                    \n                    <div class="jules-feature-item" style="background: rgba(255, 255, 255, 0.95); backdrop-filter: blur(10px); border-radius: var(--radius-lg); padding: var(--space-4); text-align: center; border: 1px solid rgba(124, 58, 237, 0.3); box-shadow: 0 8px 32px rgba(124, 58, 237, 0.1);">\n                        <div style="background: var(--primary-gradient); color: white; width: 50px; height: 50px; border-radius: var(--radius-full); display: flex; align-items: center; justify-content: center; margin: 0 auto var(--space-3); font-size: var(--text-xl); font-weight: bold;">Q</div>\n                        <h4 style="color: var(--text-primary); margin-bottom: var(--space-2); font-size: var(--text-lg); font-weight: 600;">Gemini 2.5 Pro Powered</h4>\n                        <p style="color: var(--text-secondary); font-size: var(--text-sm); margin: 0; line-height: 1.4;">Advanced AI capabilities for intelligent coding</p>\n                    </div>\n                </div>\n            </div>\n            <div class="hero-bg-animation">\n                <!-- 3D WebGL Canvas Container -->\n                <canvas id="three-canvas" class="three-canvas"></canvas>\n                <!-- Floating 3D particle system -->\n                <div id="particle-container" class="particle-container"></div>\n            </div>\n        </section>\n\n        <!-- Subway-style section divider -->\n        <div class="section-divider"></div>\n\n        <!-- Statistics Section (Elementor-inspired) -->\n        <section class="stats-section">\n            <div class="container">\n                <div class="stats-grid" style="justify-content: center;">\n                    <div class="stat-item">\n                        <span class="stat-number">2K+</span>\n                        <span class="stat-label">Active <span style="color: var(--subway-red); font-weight: bold;">commuters</span> on Reddit</span>\n                    </div>\n                </div>\n                \n                <!-- Reddit Join Button -->\n                <div style="text-align: center; margin-top: var(--space-6);">\n                    <a href="https://www.reddit.com/r/JulesAgent/" target="_blank" class="reddit-join-button">\n                        Join the Ride\n                    </a>\n                </div>\n            </div>\n        </section>\n\n        <!-- Subway-style section divider -->\n        <div class="section-divider"></div>\n\n        <!-- FAQ Section -->\n        <section id="faq" class="faq-section">\n            <div class="container">\n                <h2 class="section-title">Frequently Ask <span class="highlight">Questions</span></h2>\n                <p class="text-center text-large" style="max-width: 800px; margin: 0 auto var(--space-12);">\n                    Everything you need to know about Jules - Google\'s software coding agent.\n                </p>\n                <div class="faq-grid">\n                    <div class="faq-item">\n                        <h3>What is Jules?</h3>\n                        <p>Jules is a software coding agent that helps you fix bugs, add documentation, update your app, and implement new features. It integrates with GitHub and works asynchronously \xe2\x80\x94 meaning you can submit a task, go do something else, and return when it\'s done. Jules is currently in Public Beta.</p>\n                    </div>\n                    <div class="faq-item">\n                        <h3>Is Jules available without cost?</h3>\n                        <p>Jules has multiple plans to fit your development needs, including a plan available to all users without cost. See the official Jules documentation for more details on limits and plans.</p>\n                    </div>\n                    <div class="faq-item">\n                        <h3>How does Jules work under the hood?</h3>\n                        <p>Each task runs in a fresh virtual machine where Jules clones your repo, installs dependencies, and makes changes based on your prompt. You can provide setup scripts to ensure your project builds and tests correctly.</p>\n                    </div>\n                    <div class="faq-item">\n                        <h3>What languages does Jules support?</h3>\n                        <p>Jules is language agnostic but works best with projects that use JavaScript/TypeScript, Python, Go, Java, and Rust. Support depends on what\'s installed on the VM and the clarity of your environment setup script.</p>\n                    </div>\n                    <div class="faq-item">\n                        <h3>Can I leave Jules while it\'s working?</h3>\n                        <p>Yes! Jules is designed to be asynchronous. You can leave the app after submitting a task. Make sure to enable notifications so you\'ll be alerted when a plan is ready or a task completes.</p>\n                    </div>\n                    <div class="faq-item">\n                        <h3>How do I provide feedback or report a bug?</h3>\n                        <p>Click the feedback button in the bottom left of the Jules UI. No account or tracking system required \xe2\x80\x94 feedback goes straight to the team. You can also join our <a href="https://www.reddit.com/r/JulesAgent/" target="_blank" class="highlight">Reddit community</a> for discussions.</p>\n                    </div>\n                </div>\n            </div>\n        </section>\n\n        <!-- Subway-style section divider -->\n        <div class="section-divider"></div>\n\n        <section id="cta-section" class="cta-section">\n            <div class="container">\n                <h2 class="cta-title">Ready to <span class="highlight">Build Something Amazing?</span></h2>\n                <p class="cta-subtitle">Join thousands of creators, developers, and innovators who are already using Jules AI to transform their ideas into reality. Start your journey today.</p>\n                <div style="display: flex; justify-content: center; margin-top: var(--space-8);">\n                    <a href="https://www.reddit.com/r/JulesAgent/" target="_blank" class="button button-primary button-large">Join the Community</a>\n                </div>\n            </div>\n        </section>\n\n    </main>\n\n    <footer class="site-footer">\n        <div class="container">\n            <div class="footer-content">\n                <div class="footer-logo">Jules Agent</div>\n                <nav class="footer-nav">\n                    <a href="/">Home</a> |\n                    <a href="docs.html">Documentation</a> |\n                    <a href="changelog.html">Changelog</a> |\n                    <a href="guides.html">Guides</a> |\n                    <a href="privacy.html">Privacy Policy</a> |\n                    <a href="terms.html">Terms of Service</a>\n                </nav>\n                <div class="social-links">\n                    <a href="#" aria-label="Twitter"><i class="fab fa-twitter"></i></a>\n                    <a href="#" aria-label="GitHub"><i class="fab fa-github"></i></a>\n                    <a href="#" aria-label="Discord"><i class="fab fa-discord"></i></a>\n                </div>\n            </div>\n            <p class="copyright">&copy; <span id="current-year"></span> Jules Agent Community. All rights reserved.</p>\n        </div>\n    </footer>\n\n    <script src="script.js"></script>\n    <!-- Advanced 3D Engine -->\n    <script src="3d-engine.js"></script>\n</body>\n</html>'

======================================================================
FAIL: test_15_get_homepage_no_project_data (__main__.AppTestCase.test_15_get_homepage_no_project_data)
Test homepage when no project data is submitted
----------------------------------------------------------------------
Traceback (most recent call last):
  File "/app/test_app.py", line 257, in test_15_get_homepage_no_project_data
    self.assertIn(b"No community projects submitted yet", response.data)
AssertionError: b'No community projects submitted yet' not found in b'\n<!DOCTYPE html>\n<html lang="en">\n<head>\n    <meta charset="UTF-8">\n    <meta name="viewport" content="width=device-width, initial-scale=1.0">\n    <title>Jules AI Community Hub</title>\n    <link rel="icon" href="image.png" type="image/png">\n    <link rel="preconnect" href="https://fonts.googleapis.com">\n    <link rel="preconnect" href="https://fonts.gstatic.com" crossorigin>\n    <link href="https://fonts.googleapis.com/css2?family=Open+Sans:wght@300;400;700&family=Poppins:wght@600;700;800&display=swap" rel="stylesheet">\n    <link rel="stylesheet" href="style.css">\n    <!-- Add Font Awesome for icons, replace with SVGs later if preferred -->\n    <link rel="stylesheet" href="https://cdnjs.cloudflare.com/ajax/libs/font-awesome/6.0.0-beta3/css/all.min.css">\n    <!-- Three.js for advanced 3D graphics -->\n    <script src="https://cdnjs.cloudflare.com/ajax/libs/three.js/r128/three.min.js"></script>\n    <!-- GSAP for premium animations -->\n    <script src="https://cdnjs.cloudflare.com/ajax/libs/gsap/3.12.2/gsap.min.js"></script>\n    <script src="https://cdnjs.cloudflare.com/ajax/libs/gsap/3.12.2/ScrollTrigger.min.js"></script>\n</head>\n<body>\n    <header class="site-header">\n        <div class="container">\n            <div class="logo">Jules Agent</div>\n            <nav class="main-nav">\n                <ul>\n                    <li><a href="/" class="active">Home</a></li>\n                    <li><a href="docs.html">Docs</a></li>\n                    <li><a href="changelog.html">Changelog</a></li>\n                    <li><a href="guides.html" title="Details coming soon">Guides <small style="font-size: 0.7em; color: var(--text-light);">(Soon)</small></a></li>\n                    <li><a href="showcase.html" title="Details coming soon">Projects <small style="font-size: 0.7em; color: var(--text-light);">(Soon)</small></a></li>\n                    <li><a href="blog.html">Blog</a></li>\n                </ul>\n            </nav>\n            <a href="docs.html" class="button button-primary nav-cta-button desktop-only">Get Started</a>\n            <button class="mobile-nav-toggle" aria-label="Toggle navigation" aria-expanded="false">\n                <span class="hamburger-icon"></span>\n            </button>\n        </div>\n    </header>\n\n    <main>\n        <section id="hero" class="hero-section">\n            <div class="container">\n                <h1 class="hero-title">Jules Community: <span class="highlight">Navigate</span> Your <span class="coding-striped">Coding</span> Journey with Jules</h1>\n                <p class="hero-subtitle">Join the community around Jules - Google\'s software coding agent that helps you fix bugs, add documentation, update your app, and implement new features. Jules integrates with GitHub and works asynchronously, giving you more time for the code you want to write.</p>\n                \n                <!-- Jules Key Features -->\n                <div class="jules-features-grid" style="display: grid; grid-template-columns: repeat(auto-fit, minmax(250px, 1fr)); gap: var(--space-6); margin-top: var(--space-8); max-width: 1200px; margin-left: auto; margin-right: auto;">\n                    <div class="jules-feature-item" style="background: rgba(255, 255, 255, 0.95); backdrop-filter: blur(10px); border-radius: var(--radius-lg); padding: var(--space-4); text-align: center; border: 1px solid rgba(124, 58, 237, 0.3); box-shadow: 0 8px 32px rgba(124, 58, 237, 0.1);">\n                        <div style="background: var(--primary-gradient); color: white; width: 50px; height: 50px; border-radius: var(--radius-full); display: flex; align-items: center; justify-content: center; margin: 0 auto var(--space-3); font-size: var(--text-xl); font-weight: bold;">D</div>\n                        <h4 style="color: var(--text-primary); margin-bottom: var(--space-2); font-size: var(--text-lg); font-weight: 600;">Bug Fixing</h4>\n                        <p style="color: var(--text-secondary); font-size: var(--text-sm); margin: 0; line-height: 1.4;">Automatically identify and fix bugs in your codebase</p>\n                    </div>\n                    \n                    <div class="jules-feature-item" style="background: rgba(255, 255, 255, 0.95); backdrop-filter: blur(10px); border-radius: var(--radius-lg); padding: var(--space-4); text-align: center; border: 1px solid rgba(124, 58, 237, 0.3); box-shadow: 0 8px 32px rgba(124, 58, 237, 0.1);">\n                        <div style="background: var(--primary-gradient); color: white; width: 50px; height: 50px; border-radius: var(--radius-full); display: flex; align-items: center; justify-content: center; margin: 0 auto var(--space-3); font-size: var(--text-xl); font-weight: bold;">A</div>\n                        <h4 style="color: var(--text-primary); margin-bottom: var(--space-2); font-size: var(--text-lg); font-weight: 600;">Version Bumps</h4>\n                        <p style="color: var(--text-secondary); font-size: var(--text-sm); margin: 0; line-height: 1.4;">Handle dependency updates and version management</p>\n                    </div>\n                    \n                    <div class="jules-feature-item" style="background: rgba(255, 255, 255, 0.95); backdrop-filter: blur(10px); border-radius: var(--radius-lg); padding: var(--space-4); text-align: center; border: 1px solid rgba(124, 58, 237, 0.3); box-shadow: 0 8px 32px rgba(124, 58, 237, 0.1);">\n                        <div style="background: var(--primary-gradient); color: white; width: 50px; height: 50px; border-radius: var(--radius-full); display: flex; align-items: center; justify-content: center; margin: 0 auto var(--space-3); font-size: var(--text-xl); font-weight: bold;">G</div>\n                        <h4 style="color: var(--text-primary); margin-bottom: var(--space-2); font-size: var(--text-lg); font-weight: 600;">Automated Tests</h4>\n                        <p style="color: var(--text-secondary); font-size: var(--text-sm); margin: 0; line-height: 1.4;">Generate and run comprehensive test suites</p>\n                    </div>\n                    \n                    <div class="jules-feature-item" style="background: rgba(255, 255, 255, 0.95); backdrop-filter: blur(10px); border-radius: var(--radius-lg); padding: var(--space-4); text-align: center; border: 1px solid rgba(124, 58, 237, 0.3); box-shadow: 0 8px 32px rgba(124, 58, 237, 0.1);">\n                        <div style="background: var(--primary-gradient); color: white; width: 50px; height: 50px; border-radius: var(--radius-full); display: flex; align-items: center; justify-content: center; margin: 0 auto var(--space-3); font-size: var(--text-xl); font-weight: bold;">B</div>\n                        <h4 style="color: var(--text-primary); margin-bottom: var(--space-2); font-size: var(--text-lg); font-weight: 600;">Feature Building</h4>\n                        <p style="color: var(--text-secondary); font-size: var(--text-sm); margin: 0; line-height: 1.4;">Implement new features from detailed descriptions</p>\n                    </div>\n                    \n                    <div class="jules-feature-item" style="background: rgba(255, 255, 255, 0.95); backdrop-filter: blur(10px); border-radius: var(--radius-lg); padding: var(--space-4); text-align: center; border: 1px solid rgba(124, 58, 237, 0.3); box-shadow: 0 8px 32px rgba(124, 58, 237, 0.1);">\n                        <div style="background: var(--primary-gradient); color: white; width: 50px; height: 50px; border-radius: var(--radius-full); display: flex; align-items: center; justify-content: center; margin: 0 auto var(--space-3); font-size: var(--text-xl); font-weight: bold;">N</div>\n                        <h4 style="color: var(--text-primary); margin-bottom: var(--space-2); font-size: var(--text-lg); font-weight: 600;">GitHub Integration</h4>\n                        <p style="color: var(--text-secondary); font-size: var(--text-sm); margin: 0; line-height: 1.4;">Seamless workflow with repositories and pull requests</p>\n                    </div>\n                    \n                    <div class="jules-feature-item" style="background: rgba(255, 255, 255, 0.95); backdrop-filter: blur(10px); border-radius: var(--radius-lg); padding: var(--space-4); text-align: center; border: 1px solid rgba(124, 58, 237, 0.3); box-shadow: 0 8px 32px rgba(124, 58, 237, 0.1);">\n                        <div style="background: var(--primary-gradient); color: white; width: 50px; height: 50px; border-radius: var(--radius-full); display: flex; align-items: center; justify-content: center; margin: 0 auto var(--space-3); font-size: var(--text-xl); font-weight: bold;">Q</div>\n                        <h4 style="color: var(--text-primary); margin-bottom: var(--space-2); font-size: var(--text-lg); font-weight: 600;">Gemini 2.5 Pro Powered</h4>\n                        <p style="color: var(--text-secondary); font-size: var(--text-sm); margin: 0; line-height: 1.4;">Advanced AI capabilities for intelligent coding</p>\n                    </div>\n                </div>\n            </div>\n            <div class="hero-bg-animation">\n                <!-- 3D WebGL Canvas Container -->\n                <canvas id="three-canvas" class="three-canvas"></canvas>\n                <!-- Floating 3D particle system -->\n                <div id="particle-container" class="particle-container"></div>\n            </div>\n        </section>\n\n        <!-- Subway-style section divider -->\n        <div class="section-divider"></div>\n\n        <!-- Statistics Section (Elementor-inspired) -->\n        <section class="stats-section">\n            <div class="container">\n                <div class="stats-grid" style="justify-content: center;">\n                    <div class="stat-item">\n                        <span class="stat-number">2K+</span>\n                        <span class="stat-label">Active <span style="color: var(--subway-red); font-weight: bold;">commuters</span> on Reddit</span>\n                    </div>\n                </div>\n                \n                <!-- Reddit Join Button -->\n                <div style="text-align: center; margin-top: var(--space-6);">\n                    <a href="https://www.reddit.com/r/JulesAgent/" target="_blank" class="reddit-join-button">\n                        Join the Ride\n                    </a>\n                </div>\n            </div>\n        </section>\n\n        <!-- Subway-style section divider -->\n        <div class="section-divider"></div>\n\n        <!-- FAQ Section -->\n        <section id="faq" class="faq-section">\n            <div class="container">\n                <h2 class="section-title">Frequently Ask <span class="highlight">Questions</span></h2>\n                <p class="text-center text-large" style="max-width: 800px; margin: 0 auto var(--space-12);">\n                    Everything you need to know about Jules - Google\'s software coding agent.\n                </p>\n                <div class="faq-grid">\n                    <div class="faq-item">\n                        <h3>What is Jules?</h3>\n                        <p>Jules is a software coding agent that helps you fix bugs, add documentation, update your app, and implement new features. It integrates with GitHub and works asynchronously \xe2\x80\x94 meaning you can submit a task, go do something else, and return when it\'s done. Jules is currently in Public Beta.</p>\n                    </div>\n                    <div class="faq-item">\n                        <h3>Is Jules available without cost?</h3>\n                        <p>Jules has multiple plans to fit your development needs, including a plan available to all users without cost. See the official Jules documentation for more details on limits and plans.</p>\n                    </div>\n                    <div class="faq-item">\n                        <h3>How does Jules work under the hood?</h3>\n                        <p>Each task runs in a fresh virtual machine where Jules clones your repo, installs dependencies, and makes changes based on your prompt. You can provide setup scripts to ensure your project builds and tests correctly.</p>\n                    </div>\n                    <div class="faq-item">\n                        <h3>What languages does Jules support?</h3>\n                        <p>Jules is language agnostic but works best with projects that use JavaScript/TypeScript, Python, Go, Java, and Rust. Support depends on what\'s installed on the VM and the clarity of your environment setup script.</p>\n                    </div>\n                    <div class="faq-item">\n                        <h3>Can I leave Jules while it\'s working?</h3>\n                        <p>Yes! Jules is designed to be asynchronous. You can leave the app after submitting a task. Make sure to enable notifications so you\'ll be alerted when a plan is ready or a task completes.</p>\n                    </div>\n                    <div class="faq-item">\n                        <h3>How do I provide feedback or report a bug?</h3>\n                        <p>Click the feedback button in the bottom left of the Jules UI. No account or tracking system required \xe2\x80\x94 feedback goes straight to the team. You can also join our <a href="https://www.reddit.com/r/JulesAgent/" target="_blank" class="highlight">Reddit community</a> for discussions.</p>\n                    </div>\n                </div>\n            </div>\n        </section>\n\n        <!-- Subway-style section divider -->\n        <div class="section-divider"></div>\n\n        <section id="cta-section" class="cta-section">\n            <div class="container">\n                <h2 class="cta-title">Ready to <span class="highlight">Build Something Amazing?</span></h2>\n                <p class="cta-subtitle">Join thousands of creators, developers, and innovators who are already using Jules AI to transform their ideas into reality. Start your journey today.</p>\n                <div style="display: flex; justify-content: center; margin-top: var(--space-8);">\n                    <a href="https://www.reddit.com/r/JulesAgent/" target="_blank" class="button button-primary button-large">Join the Community</a>\n                </div>\n            </div>\n        </section>\n\n    </main>\n\n    <footer class="site-footer">\n        <div class="container">\n            <div class="footer-content">\n                <div class="footer-logo">Jules Agent</div>\n                <nav class="footer-nav">\n                    <a href="/">Home</a> |\n                    <a href="docs.html">Documentation</a> |\n                    <a href="changelog.html">Changelog</a> |\n                    <a href="guides.html">Guides</a> |\n                    <a href="privacy.html">Privacy Policy</a> |\n                    <a href="terms.html">Terms of Service</a>\n                </nav>\n                <div class="social-links">\n                    <a href="#" aria-label="Twitter"><i class="fab fa-twitter"></i></a>\n                    <a href="#" aria-label="GitHub"><i class="fab fa-github"></i></a>\n                    <a href="#" aria-label="Discord"><i class="fab fa-discord"></i></a>\n                </div>\n            </div>\n            <p class="copyright">&copy; <span id="current-year"></span> Jules Agent Community. All rights reserved.</p>\n        </div>\n    </footer>\n\n    <script src="script.js"></script>\n    <!-- Advanced 3D Engine -->\n    <script src="3d-engine.js"></script>\n</body>\n</html>'

----------------------------------------------------------------------
Ran 15 tests in 1.571s

FAILED (failures=3)
